We picked too many apples: 12
We picked too many apples: 14
Olivier
Bernard
Mandana picked 2 oranges!
3
Alice
7
Nicolas
12
Apples picked excceeded 10!
Olivier
Mandana
Marion
14
Apples picked excceeded 10!
Bernard
3
7
12
Apples picked excceeded 10!
Olivier
14
Apples picked excceeded 10!
Bernard
