-- init
Hello
Bonjour
Ola
-- middle
Hello
Bonjour
Ola
-- post
Hello
Bonjour
Ola
-- Search french
Found 1 french!
wOa!!!
woundefined
woundefined
wOa
wOa!!!
ams tram gram
amsgram
----
verse 1: eeny
verse 2: meeny
verse 3: miny
verse 4: moe
----
verse 1: ams
verse 2: tram
verse 3: gram
----
verse 1: pinto
verse 2: pinto
verse 3: gorgorito
