init
6 pommes
2 apples
5
reset
'6 pommes' is in french.
4012
post
