Alice
Nicolas
Olivier
We picked too many apples: 12
Mandana
We picked too many apples: 12
Marion
We picked too many apples: 12
Bernard
We picked too many apples: 14
