Alice
Nicolas
Olivier
We picked too many apples: 12
Mandana
Marion
Bernard
