----
verses: eeny
verses: meeny
verses: miny
verses: moe
----
verses: ams
verses: tram
verses: gram
----
verses: pinto
verses: pinto
verses: gorgorito
