
--- New Session ---
emacs: 123
eclipse: 4000
cloudlens: 2
firefox: 6899

- Session Time: 11024

emacs: 1.12%
eclipse: 36.28%
cloudlens: 0.02%
firefox: 62.58%

--- New Session ---
mail: 3233
firefox: 12049

- Session Time: 15282

mail: 21.16%
firefox: 78.84%

--- New Session ---
cloudlens: 66
firefox: 8762
eclipse: 2390
cloudlens: 2
cloudlens: 5

- Session Time: 11225

cloudlens: 0.59%
firefox: 78.06%
eclipse: 21.29%
cloudlens: 0.02%
cloudlens: 0.04%
