1
1
1
1
foo 1
2
2
2
2
1
1
1
1
foo 2
2
2
2
2
1
1
1
1
foo 3
2
2
2
2
1
1
1
1
foo 4
2
2
2
2
foo 1
foo 2
foo 3
foo 4
