L1 foo 1
L2 foo 1
L1 foo 2
L2 foo 2
L1 foo 3
L2 foo 3
L1 foo 4
L2 foo 4
