1 Session 06-26-2016
2 Session 06-26-2016
L1 Session 06-26-2016
L2 Session 06-26-2016
3 Session 06-26-2016
L3 Session 06-26-2016
L4 Session 06-26-2016
1 Welcome back!
2 Welcome back!
L1 Welcome back!
L2 Welcome back!
3 Welcome back!
L3 Welcome back!
L4 Welcome back!
1 Process emacs, execution time 123s, status success
2 Process emacs, execution time 123s, status success
L1 Process emacs, execution time 123s, status success
L2 Process emacs, execution time 123s, status success
3 Process emacs, execution time 123s, status success
L3 Process emacs, execution time 123s, status success
L4 Process emacs, execution time 123s, status success
1 Process eclipse, execution time 4000s, status success
2 Process eclipse, execution time 4000s, status success
L1 Process eclipse, execution time 4000s, status success
L2 Process eclipse, execution time 4000s, status success
3 Process eclipse, execution time 4000s, status success
L3 Process eclipse, execution time 4000s, status success
L4 Process eclipse, execution time 4000s, status success
1 Process cloudlens, execution time 2s, status failure
2 Process cloudlens, execution time 2s, status failure
L1 Process cloudlens, execution time 2s, status failure
L2 Process cloudlens, execution time 2s, status failure
3 Process cloudlens, execution time 2s, status failure
L3 Process cloudlens, execution time 2s, status failure
L4 Process cloudlens, execution time 2s, status failure
1 Process firefox, execution time 6899s, status success
2 Process firefox, execution time 6899s, status success
L1 Process firefox, execution time 6899s, status success
L2 Process firefox, execution time 6899s, status success
3 Process firefox, execution time 6899s, status success
L3 Process firefox, execution time 6899s, status success
L4 Process firefox, execution time 6899s, status success
1 Bye!
2 Bye!
L1 Bye!
L2 Bye!
3 Bye!
L3 Bye!
L4 Bye!
1 Session 06-27-2016
2 Session 06-27-2016
L1 Session 06-27-2016
L2 Session 06-27-2016
3 Session 06-27-2016
L3 Session 06-27-2016
L4 Session 06-27-2016
1 Welcome back!
2 Welcome back!
L1 Welcome back!
L2 Welcome back!
3 Welcome back!
L3 Welcome back!
L4 Welcome back!
1 Process mail, execution time 3233s, status success
2 Process mail, execution time 3233s, status success
L1 Process mail, execution time 3233s, status success
L2 Process mail, execution time 3233s, status success
3 Process mail, execution time 3233s, status success
L3 Process mail, execution time 3233s, status success
L4 Process mail, execution time 3233s, status success
1 Process firefox, execution time 12049s, status sucess
2 Process firefox, execution time 12049s, status sucess
L1 Process firefox, execution time 12049s, status sucess
L2 Process firefox, execution time 12049s, status sucess
3 Process firefox, execution time 12049s, status sucess
L3 Process firefox, execution time 12049s, status sucess
L4 Process firefox, execution time 12049s, status sucess
1 Bye!
2 Bye!
L1 Bye!
L2 Bye!
3 Bye!
L3 Bye!
L4 Bye!
1 Session 06-28-2016
2 Session 06-28-2016
L1 Session 06-28-2016
L2 Session 06-28-2016
3 Session 06-28-2016
L3 Session 06-28-2016
L4 Session 06-28-2016
1 Welcome back!
2 Welcome back!
L1 Welcome back!
L2 Welcome back!
3 Welcome back!
L3 Welcome back!
L4 Welcome back!
1 Process cloudlens, execution time 66s, status success
2 Process cloudlens, execution time 66s, status success
L1 Process cloudlens, execution time 66s, status success
L2 Process cloudlens, execution time 66s, status success
3 Process cloudlens, execution time 66s, status success
L3 Process cloudlens, execution time 66s, status success
L4 Process cloudlens, execution time 66s, status success
1 Process firefox, execution time 8762s, status success
2 Process firefox, execution time 8762s, status success
L1 Process firefox, execution time 8762s, status success
L2 Process firefox, execution time 8762s, status success
3 Process firefox, execution time 8762s, status success
L3 Process firefox, execution time 8762s, status success
L4 Process firefox, execution time 8762s, status success
1 Process eclipse, execution time 2390s, status success
2 Process eclipse, execution time 2390s, status success
L1 Process eclipse, execution time 2390s, status success
L2 Process eclipse, execution time 2390s, status success
3 Process eclipse, execution time 2390s, status success
L3 Process eclipse, execution time 2390s, status success
L4 Process eclipse, execution time 2390s, status success
1 Process cloudlens, execution time 2s, status failure
2 Process cloudlens, execution time 2s, status failure
L1 Process cloudlens, execution time 2s, status failure
L2 Process cloudlens, execution time 2s, status failure
3 Process cloudlens, execution time 2s, status failure
L3 Process cloudlens, execution time 2s, status failure
L4 Process cloudlens, execution time 2s, status failure
1 Process cloudlens, execution time 5s, status sucess
2 Process cloudlens, execution time 5s, status sucess
L1 Process cloudlens, execution time 5s, status sucess
L2 Process cloudlens, execution time 5s, status sucess
3 Process cloudlens, execution time 5s, status sucess
L3 Process cloudlens, execution time 5s, status sucess
L4 Process cloudlens, execution time 5s, status sucess
1 Bye!
2 Bye!
L1 Bye!
L2 Bye!
3 Bye!
L3 Bye!
L4 Bye!
