0 foo 1
1 foo 1
0 foo 2
1 foo 2
0 foo 3
1 foo 3
0 foo 4
1 foo 4
middle
1 foo 1
2 foo 1
3 foo 1
1 foo 2
2 foo 2
3 foo 2
1 foo 3
2 foo 3
3 foo 3
1 foo 4
2 foo 4
3 foo 4
middle
3 foo 1
4 foo 1
3 foo 2
4 foo 2
3 foo 3
4 foo 3
3 foo 4
4 foo 4
