foo 1
foo 2
foo 3
foo 4
bar 1
bar 2
bar 3
bar 4
bar 5
bar 6
