Alice picked 2 fruits
Alice picked 3 fruits
Nicolas picked 2 fruits
Nicolas picked 5 fruits
Mandana picked 1 fruits
