Empty <when> filter. Maybe you forgot the entry name.
