Parse Error: the log stream obj.field must be a json Array
