Syntax Error: tests/bad/match_upon.lens line 1 character 8
no viable alternative at input 'upon'
