Invalid path: hi. Maybe you forgot the entry name.
