Invalid path: e.bar.foo. Maybe you forgot the entry name.
