Warning: tests/bad/warning_restart.lens line 9, implicit restart of stream log.a!
Warning: tests/bad/warning_restart.lens line 15, implicit restart of stream log!
